{"sessionId":"6e401c","runId":"pre-fix","location":"ImageProcessor.php:storeUploadedImage:entry","message":"Processing upload","timestamp":1782740964206,"hypothesisId":"H1","wasCropped":true,"size":400,"mime":"image\/jpeg","originalName":"vibe-processor-test-6a4277e418c33.jpg"}
{"sessionId":"6e401c","runId":"pre-fix","location":"ImageProcessor.php:storeUploadedImage:exit","message":"Image stored","timestamp":1782740964329,"hypothesisId":"H1","path":"uploads\/1782740964_6a4277e44fd5c.jpg","bytes":17253,"wasCropped":true}
{"sessionId":"6e401c","runId":"pre-fix","location":"ImageProcessor.php:storeUploadedImage:entry","message":"Processing upload","timestamp":1782741017723,"hypothesisId":"H1","wasCropped":true,"size":400,"mime":"image\/jpeg","originalName":"vibe-processor-test-6a427819a2c3a.jpg"}
{"sessionId":"6e401c","runId":"pre-fix","location":"ImageProcessor.php:storeUploadedImage:exit","message":"Image stored","timestamp":1782741017856,"hypothesisId":"H1","path":"uploads\/1782741017_6a427819d0251.jpg","bytes":17253,"wasCropped":true}
{"sessionId":"6e401c","runId":"pre-fix","location":"ImageProcessor.php:storeUploadedImage:entry","message":"Processing upload","timestamp":1782741201186,"hypothesisId":"H1","wasCropped":true,"size":400,"mime":"image\/jpeg","originalName":"images_cropped.jpg"}
{"sessionId":"6e401c","runId":"pre-fix","location":"ImageProcessor.php:storeUploadedImage:exit","message":"Image stored","timestamp":1782741201451,"hypothesisId":"H1","path":"uploads\/1782741201_6a4278d16bcc4.jpg","bytes":28761,"wasCropped":true}
{"sessionId":"6e401c","runId":"pre-fix","location":"ImageProcessor.php:storeUploadedImage:entry","message":"Processing upload","timestamp":1782741234057,"hypothesisId":"H1","wasCropped":true,"size":400,"mime":"image\/jpeg","originalName":"1779159250_6a0bd0d28fb7d_cropped.jpg"}
{"sessionId":"6e401c","runId":"pre-fix","location":"ImageProcessor.php:storeUploadedImage:exit","message":"Image stored","timestamp":1782741234234,"hypothesisId":"H1","path":"uploads\/1782741234_6a4278f237c0d.jpg","bytes":19063,"wasCropped":true}
{"sessionId":"6e401c","runId":"pre-fix","location":"ImageProcessor.php:storeUploadedImage:entry","message":"Processing upload","timestamp":1782741278250,"hypothesisId":"H1","wasCropped":true,"size":400,"mime":"image\/jpeg","originalName":"ViseDean_cropped.jpg"}
{"sessionId":"6e401c","runId":"pre-fix","location":"ImageProcessor.php:storeUploadedImage:exit","message":"Image stored","timestamp":1782741278420,"hypothesisId":"H1","path":"uploads\/1782741278_6a42791e64fbf.jpg","bytes":13639,"wasCropped":true}
{"sessionId":"6e401c","runId":"pre-fix","location":"ImageProcessor.php:storeUploadedImage:entry","message":"Processing upload","timestamp":1782741296697,"hypothesisId":"H1","wasCropped":true,"size":400,"mime":"image\/jpeg","originalName":"Dean2_cropped.jpg"}
{"sessionId":"6e401c","runId":"pre-fix","location":"ImageProcessor.php:storeUploadedImage:exit","message":"Image stored","timestamp":1782741296903,"hypothesisId":"H1","path":"uploads\/1782741296_6a427930db6f0.jpg","bytes":24501,"wasCropped":true}
{"sessionId":"6e401c","runId":"pre-fix","location":"ImageProcessor.php:storeUploadedImage:entry","message":"Processing upload","timestamp":1782741382366,"hypothesisId":"H1","wasCropped":true,"size":400,"mime":"image\/jpeg","originalName":"a_cropped.jpg"}
{"sessionId":"6e401c","runId":"pre-fix","location":"ImageProcessor.php:storeUploadedImage:exit","message":"Image stored","timestamp":1782741382490,"hypothesisId":"H1","path":"uploads\/1782741382_6a42798675b63.jpg","bytes":34686,"wasCropped":true}
{"sessionId":"6e401c","runId":"pre-fix","location":"ImageProcessor.php:storeUploadedImage:entry","message":"Processing upload","timestamp":1782754124420,"hypothesisId":"H1","wasCropped":true,"size":400,"mime":"image\/jpeg","originalName":"CO_cropped.jpg"}
{"sessionId":"6e401c","runId":"pre-fix","location":"ImageProcessor.php:storeUploadedImage:exit","message":"Image stored","timestamp":1782754124529,"hypothesisId":"H1","path":"uploads\/1782754124_6a42ab4c7fffd.jpg","bytes":28619,"wasCropped":true}
{"sessionId":"6e401c","runId":"pre-fix","location":"ImageProcessor.php:storeUploadedImage:entry","message":"Processing upload","timestamp":1782754860332,"hypothesisId":"H1","wasCropped":true,"size":400,"mime":"image\/jpeg","originalName":"co2_cropped.jpg"}
{"sessionId":"6e401c","runId":"pre-fix","location":"ImageProcessor.php:storeUploadedImage:exit","message":"Image stored","timestamp":1782754860504,"hypothesisId":"H1","path":"uploads\/1782754860_6a42ae2c79e41.jpg","bytes":20794,"wasCropped":true}
{"sessionId":"6e401c","runId":"pre-fix","location":"ImageProcessor.php:storeUploadedImage:entry","message":"Processing upload","timestamp":1782754879499,"hypothesisId":"H1","wasCropped":true,"size":400,"mime":"image\/jpeg","originalName":"co3_cropped.jpg"}
{"sessionId":"6e401c","runId":"pre-fix","location":"ImageProcessor.php:storeUploadedImage:exit","message":"Image stored","timestamp":1782754879545,"hypothesisId":"H1","path":"uploads\/1782754879_6a42ae3f84650.jpg","bytes":32019,"wasCropped":true}
{"sessionId":"6e401c","runId":"pre-fix","location":"ImageProcessor.php:storeUploadedImage:entry","message":"Processing upload","timestamp":1782754900624,"hypothesisId":"H1","wasCropped":true,"size":400,"mime":"image\/jpeg","originalName":"conf1_cropped.jpg"}
{"sessionId":"6e401c","runId":"pre-fix","location":"ImageProcessor.php:storeUploadedImage:exit","message":"Image stored","timestamp":1782754900659,"hypothesisId":"H1","path":"uploads\/1782754900_6a42ae549ffd2.jpg","bytes":24188,"wasCropped":true}
{"sessionId":"6e401c","runId":"pre-fix","location":"ImageProcessor.php:storeUploadedImage:entry","message":"Processing upload","timestamp":1782754925776,"hypothesisId":"H1","wasCropped":true,"size":400,"mime":"image\/jpeg","originalName":"PR2_cropped.jpg"}
{"sessionId":"6e401c","runId":"pre-fix","location":"ImageProcessor.php:storeUploadedImage:exit","message":"Image stored","timestamp":1782754925807,"hypothesisId":"H1","path":"uploads\/1782754925_6a42ae6dc499b.jpg","bytes":25500,"wasCropped":true}
{"sessionId":"6e401c","runId":"pre-fix","location":"ImageProcessor.php:storeUploadedImage:entry","message":"Processing upload","timestamp":1782754979010,"hypothesisId":"H1","wasCropped":true,"size":400,"mime":"image\/jpeg","originalName":"PR_cropped.jpg"}
{"sessionId":"6e401c","runId":"pre-fix","location":"ImageProcessor.php:storeUploadedImage:exit","message":"Image stored","timestamp":1782754979069,"hypothesisId":"H1","path":"uploads\/1782754979_6a42aea3100b2.jpg","bytes":24266,"wasCropped":true}
{"sessionId":"6e401c","runId":"pre-fix","location":"ImageProcessor.php:storeUploadedImage:entry","message":"Processing upload","timestamp":1782755073652,"hypothesisId":"H1","wasCropped":true,"size":400,"mime":"image\/jpeg","originalName":"train-1_cropped.jpg"}
{"sessionId":"6e401c","runId":"pre-fix","location":"ImageProcessor.php:storeUploadedImage:exit","message":"Image stored","timestamp":1782755073740,"hypothesisId":"H1","path":"uploads\/1782755073_6a42af01b3db5.jpg","bytes":42487,"wasCropped":true}
{"sessionId":"6e401c","runId":"pre-fix","location":"ImageProcessor.php:storeUploadedImage:entry","message":"Processing upload","timestamp":1782755073741,"hypothesisId":"H1","wasCropped":true,"size":400,"mime":"image\/jpeg","originalName":"train1-1_cropped.jpg"}
{"sessionId":"6e401c","runId":"pre-fix","location":"ImageProcessor.php:storeUploadedImage:exit","message":"Image stored","timestamp":1782755073801,"hypothesisId":"H1","path":"uploads\/1782755073_6a42af01c2eef.jpg","bytes":35613,"wasCropped":true}
{"sessionId":"6e401c","runId":"pre-fix","location":"ImageProcessor.php:storeUploadedImage:entry","message":"Processing upload","timestamp":1782755073803,"hypothesisId":"H1","wasCropped":true,"size":400,"mime":"image\/jpeg","originalName":"train1-2_cropped.jpg"}
{"sessionId":"6e401c","runId":"pre-fix","location":"ImageProcessor.php:storeUploadedImage:exit","message":"Image stored","timestamp":1782755073863,"hypothesisId":"H1","path":"uploads\/1782755073_6a42af01d20b9.jpg","bytes":39562,"wasCropped":true}
{"sessionId":"6e401c","runId":"pre-fix","location":"ImageProcessor.php:storeUploadedImage:entry","message":"Processing upload","timestamp":1782755073866,"hypothesisId":"H1","wasCropped":true,"size":400,"mime":"image\/jpeg","originalName":"train1-3_cropped.jpg"}
{"sessionId":"6e401c","runId":"pre-fix","location":"ImageProcessor.php:storeUploadedImage:exit","message":"Image stored","timestamp":1782755073930,"hypothesisId":"H1","path":"uploads\/1782755073_6a42af01e2775.jpg","bytes":41946,"wasCropped":true}
{"sessionId":"6e401c","runId":"pre-fix","location":"ImageProcessor.php:storeUploadedImage:entry","message":"Processing upload","timestamp":1782755124553,"hypothesisId":"H1","wasCropped":true,"size":400,"mime":"image\/jpeg","originalName":"train-2_cropped.jpg"}
{"sessionId":"6e401c","runId":"pre-fix","location":"ImageProcessor.php:storeUploadedImage:exit","message":"Image stored","timestamp":1782755124587,"hypothesisId":"H1","path":"uploads\/1782755124_6a42af348ed1c.jpg","bytes":16712,"wasCropped":true}
{"sessionId":"6e401c","runId":"pre-fix","location":"ImageProcessor.php:storeUploadedImage:entry","message":"Processing upload","timestamp":1782755124589,"hypothesisId":"H1","wasCropped":true,"size":400,"mime":"image\/jpeg","originalName":"train2-1_cropped.jpg"}
{"sessionId":"6e401c","runId":"pre-fix","location":"ImageProcessor.php:storeUploadedImage:exit","message":"Image stored","timestamp":1782755124617,"hypothesisId":"H1","path":"uploads\/1782755124_6a42af3495ef8.jpg","bytes":14242,"wasCropped":true}
{"sessionId":"6e401c","runId":"pre-fix","location":"ImageProcessor.php:storeUploadedImage:entry","message":"Processing upload","timestamp":1782755124619,"hypothesisId":"H1","wasCropped":true,"size":400,"mime":"image\/jpeg","originalName":"train2-2_cropped.jpg"}
{"sessionId":"6e401c","runId":"pre-fix","location":"ImageProcessor.php:storeUploadedImage:exit","message":"Image stored","timestamp":1782755124672,"hypothesisId":"H1","path":"uploads\/1782755124_6a42af34a3b86.jpg","bytes":21965,"wasCropped":true}
{"sessionId":"6e401c","runId":"pre-fix","location":"ImageProcessor.php:storeUploadedImage:entry","message":"Processing upload","timestamp":1782755124674,"hypothesisId":"H1","wasCropped":true,"size":400,"mime":"image\/jpeg","originalName":"train2-3_cropped.jpg"}
{"sessionId":"6e401c","runId":"pre-fix","location":"ImageProcessor.php:storeUploadedImage:exit","message":"Image stored","timestamp":1782755124726,"hypothesisId":"H1","path":"uploads\/1782755124_6a42af34b0d5e.jpg","bytes":29658,"wasCropped":true}
{"sessionId":"6e401c","runId":"pre-fix","location":"ImageProcessor.php:storeUploadedImage:entry","message":"Processing upload","timestamp":1782755228672,"hypothesisId":"H1","wasCropped":true,"size":400,"mime":"image\/jpeg","originalName":"1779159250_6a0bd0d28fb7d_cropped.jpg"}
{"sessionId":"6e401c","runId":"pre-fix","location":"ImageProcessor.php:storeUploadedImage:exit","message":"Image stored","timestamp":1782755228751,"hypothesisId":"H1","path":"uploads\/1782755228_6a42af9cb6901.jpg","bytes":25656,"wasCropped":true}
{"sessionId":"6e401c","runId":"pre-fix","location":"ImageProcessor.php:storeUploadedImage:entry","message":"Processing upload","timestamp":1782755274229,"hypothesisId":"H1","wasCropped":true,"size":400,"mime":"image\/jpeg","originalName":"Dean2_cropped.jpg"}
{"sessionId":"6e401c","runId":"pre-fix","location":"ImageProcessor.php:storeUploadedImage:exit","message":"Image stored","timestamp":1782755274277,"hypothesisId":"H1","path":"uploads\/1782755274_6a42afca42e99.jpg","bytes":23655,"wasCropped":true}
{"sessionId":"6e401c","runId":"pre-fix","location":"ImageProcessor.php:storeUploadedImage:entry","message":"Processing upload","timestamp":1782755291862,"hypothesisId":"H1","wasCropped":true,"size":400,"mime":"image\/jpeg","originalName":"ViseDean_cropped.jpg"}
{"sessionId":"6e401c","runId":"pre-fix","location":"ImageProcessor.php:storeUploadedImage:exit","message":"Image stored","timestamp":1782755291913,"hypothesisId":"H1","path":"uploads\/1782755291_6a42afdbde3bb.jpg","bytes":13740,"wasCropped":true}
{"sessionId":"6e401c","runId":"pre-fix","location":"ImageProcessor.php:storeUploadedImage:entry","message":"Processing upload","timestamp":1782755309212,"hypothesisId":"H1","wasCropped":true,"size":400,"mime":"image\/jpeg","originalName":"Leadership8_cropped.jpg"}
{"sessionId":"6e401c","runId":"pre-fix","location":"ImageProcessor.php:storeUploadedImage:exit","message":"Image stored","timestamp":1782755309309,"hypothesisId":"H1","path":"uploads\/1782755309_6a42afed4a0df.jpg","bytes":34037,"wasCropped":true}
{"sessionId":"6e401c","runId":"pre-fix","location":"ImageProcessor.php:storeUploadedImage:entry","message":"Processing upload","timestamp":1782755522285,"hypothesisId":"H1","wasCropped":true,"size":400,"mime":"image\/jpeg","originalName":"Conferences_cropped.jpg"}
{"sessionId":"6e401c","runId":"pre-fix","location":"ImageProcessor.php:storeUploadedImage:exit","message":"Image stored","timestamp":1782755522350,"hypothesisId":"H1","path":"uploads\/1782755522_6a42b0c25474e.jpg","bytes":22049,"wasCropped":true}
{"sessionId":"6e401c","runId":"pre-fix","location":"ImageProcessor.php:storeUploadedImage:entry","message":"Processing upload","timestamp":1782755799736,"hypothesisId":"H1","wasCropped":true,"size":400,"mime":"image\/jpeg","originalName":"motafq_cropped.jpg"}
{"sessionId":"6e401c","runId":"pre-fix","location":"ImageProcessor.php:storeUploadedImage:exit","message":"Image stored","timestamp":1782755799777,"hypothesisId":"H1","path":"uploads\/1782755799_6a42b1d7bd336.jpg","bytes":22049,"wasCropped":true}
{"sessionId":"6e401c","runId":"pre-fix","location":"ImageProcessor.php:storeUploadedImage:entry","message":"Processing upload","timestamp":1782755805796,"hypothesisId":"H1","wasCropped":true,"size":400,"mime":"image\/jpeg","originalName":"motafq_cropped.jpg"}
{"sessionId":"6e401c","runId":"pre-fix","location":"ImageProcessor.php:storeUploadedImage:exit","message":"Image stored","timestamp":1782755805843,"hypothesisId":"H1","path":"uploads\/1782755805_6a42b1ddccffe.jpg","bytes":22049,"wasCropped":true}
{"sessionId":"6e401c","runId":"pre-fix","location":"ImageProcessor.php:storeUploadedImage:entry","message":"Processing upload","timestamp":1782756929187,"hypothesisId":"H1","wasCropped":true,"size":400,"mime":"image\/jpeg","originalName":"CO_cropped.jpg"}
{"sessionId":"6e401c","runId":"pre-fix","location":"ImageProcessor.php:storeUploadedImage:exit","message":"Image stored","timestamp":1782756929233,"hypothesisId":"H1","path":"uploads\/1782756929_6a42b64138114.jpg","bytes":22542,"wasCropped":true}
{"sessionId":"6e401c","runId":"pre-fix","location":"ImageProcessor.php:storeUploadedImage:entry","message":"Processing upload","timestamp":1782756933607,"hypothesisId":"H1","wasCropped":true,"size":400,"mime":"image\/jpeg","originalName":"CO_cropped.jpg"}
{"sessionId":"6e401c","runId":"pre-fix","location":"ImageProcessor.php:storeUploadedImage:exit","message":"Image stored","timestamp":1782756933640,"hypothesisId":"H1","path":"uploads\/1782756933_6a42b6459bb4a.jpg","bytes":22542,"wasCropped":true}
{"sessionId":"6e401c","runId":"pre-fix","location":"ImageProcessor.php:storeUploadedImage:entry","message":"Processing upload","timestamp":1782761067036,"hypothesisId":"H1","wasCropped":true,"size":400,"mime":"image\/jpeg","originalName":"conf1_cropped.jpg"}
{"sessionId":"6e401c","runId":"pre-fix","location":"ImageProcessor.php:storeUploadedImage:exit","message":"Image stored","timestamp":1782761067216,"hypothesisId":"H1","path":"uploads\/1782761067_6a42c66b3356e.jpg","bytes":34296,"wasCropped":true}
{"sessionId":"6e401c","runId":"pre-fix","location":"ImageProcessor.php:storeUploadedImage:entry","message":"Processing upload","timestamp":1782761373031,"hypothesisId":"H1","wasCropped":true,"size":400,"mime":"image\/jpeg","originalName":"conf2_cropped.jpg"}
{"sessionId":"6e401c","runId":"pre-fix","location":"ImageProcessor.php:storeUploadedImage:exit","message":"Image stored","timestamp":1782761373174,"hypothesisId":"H1","path":"uploads\/1782761373_6a42c79d289e2.jpg","bytes":24964,"wasCropped":true}
{"sessionId":"6e401c","runId":"pre-fix","location":"ImageProcessor.php:storeUploadedImage:entry","message":"Processing upload","timestamp":1782761382460,"hypothesisId":"H1","wasCropped":true,"size":400,"mime":"image\/jpeg","originalName":"conf2_cropped.jpg"}
{"sessionId":"6e401c","runId":"pre-fix","location":"ImageProcessor.php:storeUploadedImage:exit","message":"Image stored","timestamp":1782761382542,"hypothesisId":"H1","path":"uploads\/1782761382_6a42c7a6835e5.jpg","bytes":24964,"wasCropped":true}
{"sessionId":"6e401c","runId":"pre-fix","location":"ImageProcessor.php:storeUploadedImage:entry","message":"Processing upload","timestamp":1782761841945,"hypothesisId":"H1","wasCropped":true,"size":400,"mime":"image\/jpeg","originalName":"conf2_cropped.jpg"}
{"sessionId":"6e401c","runId":"pre-fix","location":"ImageProcessor.php:storeUploadedImage:exit","message":"Image stored","timestamp":1782761842055,"hypothesisId":"H1","path":"uploads\/1782761842_6a42c9720a591.jpg","bytes":24964,"wasCropped":true}
{"sessionId":"6e401c","runId":"pre-fix","location":"ImageProcessor.php:storeUploadedImage:entry","message":"Processing upload","timestamp":1782761916672,"hypothesisId":"H1","wasCropped":true,"size":400,"mime":"image\/jpeg","originalName":"co3_cropped.jpg"}
{"sessionId":"6e401c","runId":"pre-fix","location":"ImageProcessor.php:storeUploadedImage:exit","message":"Image stored","timestamp":1782761916764,"hypothesisId":"H1","path":"uploads\/1782761916_6a42c9bcb9ea9.jpg","bytes":32019,"wasCropped":true}
{"sessionId":"6e401c","runId":"pre-fix","location":"ImageProcessor.php:storeUploadedImage:entry","message":"Processing upload","timestamp":1782826112679,"hypothesisId":"H1","wasCropped":true,"size":400,"mime":"image\/jpeg","originalName":"ex3_cropped.jpg"}
{"sessionId":"6e401c","runId":"pre-fix","location":"ImageProcessor.php:storeUploadedImage:exit","message":"Image stored","timestamp":1782826115816,"hypothesisId":"H1","path":"uploads\/1782826115_6a43c483c6a22.jpg","bytes":27207,"wasCropped":true}
{"sessionId":"6e401c","runId":"pre-fix","location":"ImageProcessor.php:storeUploadedImage:entry","message":"Processing upload","timestamp":1782826178989,"hypothesisId":"H1","wasCropped":true,"size":400,"mime":"image\/jpeg","originalName":"Exh_cropped.jpg"}
{"sessionId":"6e401c","runId":"pre-fix","location":"ImageProcessor.php:storeUploadedImage:exit","message":"Image stored","timestamp":1782826179049,"hypothesisId":"H1","path":"uploads\/1782826179_6a43c4c30b57b.jpg","bytes":29414,"wasCropped":true}
{"sessionId":"6e401c","runId":"pre-fix","location":"ImageProcessor.php:storeUploadedImage:entry","message":"Processing upload","timestamp":1782826201797,"hypothesisId":"H1","wasCropped":true,"size":400,"mime":"image\/jpeg","originalName":"ex4_cropped.jpg"}
{"sessionId":"6e401c","runId":"pre-fix","location":"ImageProcessor.php:storeUploadedImage:exit","message":"Image stored","timestamp":1782826201832,"hypothesisId":"H1","path":"uploads\/1782826201_6a43c4d9ca370.jpg","bytes":27464,"wasCropped":true}
{"sessionId":"6e401c","runId":"pre-fix","location":"ImageProcessor.php:storeUploadedImage:entry","message":"Processing upload","timestamp":1782829926868,"hypothesisId":"H1","wasCropped":true,"size":400,"mime":"image\/jpeg","originalName":"CO_cropped.jpg"}
{"sessionId":"6e401c","runId":"pre-fix","location":"ImageProcessor.php:storeUploadedImage:exit","message":"Image stored","timestamp":1782829926932,"hypothesisId":"H1","path":"uploads\/1782829926_6a43d366e2c00.jpg","bytes":22436,"wasCropped":true}
{"sessionId":"6e401c","runId":"pre-fix","location":"ImageProcessor.php:storeUploadedImage:entry","message":"Processing upload","timestamp":1782832039168,"hypothesisId":"H1","wasCropped":true,"size":400,"mime":"image\/jpeg","originalName":"PR_cropped.jpg"}
{"sessionId":"6e401c","runId":"pre-fix","location":"ImageProcessor.php:storeUploadedImage:exit","message":"Image stored","timestamp":1782832039212,"hypothesisId":"H1","path":"uploads\/1782832039_6a43dba73315c.jpg","bytes":23139,"wasCropped":true}
{"sessionId":"6e401c","runId":"pre-fix","location":"ImageProcessor.php:storeUploadedImage:entry","message":"Processing upload","timestamp":1782832408090,"hypothesisId":"H1","wasCropped":true,"size":400,"mime":"image\/jpeg","originalName":"PR_cropped.jpg"}
{"sessionId":"6e401c","runId":"pre-fix","location":"ImageProcessor.php:storeUploadedImage:exit","message":"Image stored","timestamp":1782832408139,"hypothesisId":"H1","path":"uploads\/1782832408_6a43dd182151b.jpg","bytes":24981,"wasCropped":true}
{"sessionId":"6e401c","runId":"pre-fix","location":"ImageProcessor.php:storeUploadedImage:entry","message":"Processing upload","timestamp":1782832425341,"hypothesisId":"H1","wasCropped":true,"size":400,"mime":"image\/jpeg","originalName":"motafq_cropped.jpg"}
{"sessionId":"6e401c","runId":"pre-fix","location":"ImageProcessor.php:storeUploadedImage:exit","message":"Image stored","timestamp":1782832425381,"hypothesisId":"H1","path":"uploads\/1782832425_6a43dd295c70a.jpg","bytes":22049,"wasCropped":true}
{"sessionId":"6e401c","runId":"pre-fix","location":"ImageProcessor.php:storeUploadedImage:entry","message":"Processing upload","timestamp":1782832446817,"hypothesisId":"H1","wasCropped":true,"size":400,"mime":"image\/jpeg","originalName":"ex4_cropped.jpg"}
{"sessionId":"6e401c","runId":"pre-fix","location":"ImageProcessor.php:storeUploadedImage:exit","message":"Image stored","timestamp":1782832446858,"hypothesisId":"H1","path":"uploads\/1782832446_6a43dd3ed0a2e.jpg","bytes":27764,"wasCropped":true}
{"sessionId":"6e401c","runId":"pre-fix","location":"ImageProcessor.php:storeUploadedImage:entry","message":"Processing upload","timestamp":1782832470995,"hypothesisId":"H1","wasCropped":true,"size":400,"mime":"image\/jpeg","originalName":"Exh_cropped.jpg"}
{"sessionId":"6e401c","runId":"pre-fix","location":"ImageProcessor.php:storeUploadedImage:exit","message":"Image stored","timestamp":1782832471038,"hypothesisId":"H1","path":"uploads\/1782832471_6a43dd5708918.jpg","bytes":28944,"wasCropped":true}
{"sessionId":"6e401c","runId":"pre-fix","location":"ImageProcessor.php:storeUploadedImage:entry","message":"Processing upload","timestamp":1782832528828,"hypothesisId":"H1","wasCropped":true,"size":400,"mime":"image\/jpeg","originalName":"btal_cropped.jpg"}
{"sessionId":"6e401c","runId":"pre-fix","location":"ImageProcessor.php:storeUploadedImage:exit","message":"Image stored","timestamp":1782832528900,"hypothesisId":"H1","path":"uploads\/1782832528_6a43dd90db51c.jpg","bytes":28939,"wasCropped":true}
{"sessionId":"6e401c","runId":"pre-fix","location":"ImageProcessor.php:storeUploadedImage:entry","message":"Processing upload","timestamp":1782832550326,"hypothesisId":"H1","wasCropped":true,"size":400,"mime":"image\/jpeg","originalName":"1779159250_6a0bd0d28fb7d_cropped.jpg"}
{"sessionId":"6e401c","runId":"pre-fix","location":"ImageProcessor.php:storeUploadedImage:exit","message":"Image stored","timestamp":1782832550412,"hypothesisId":"H1","path":"uploads\/1782832550_6a43dda663fed.jpg","bytes":24538,"wasCropped":true}
{"sessionId":"6e401c","runId":"pre-fix","location":"ImageProcessor.php:storeUploadedImage:entry","message":"Processing upload","timestamp":1782832563256,"hypothesisId":"H1","wasCropped":true,"size":400,"mime":"image\/jpeg","originalName":"Dean2_cropped.jpg"}
{"sessionId":"6e401c","runId":"pre-fix","location":"ImageProcessor.php:storeUploadedImage:exit","message":"Image stored","timestamp":1782832563300,"hypothesisId":"H1","path":"uploads\/1782832563_6a43ddb348c06.jpg","bytes":22139,"wasCropped":true}
{"sessionId":"6e401c","runId":"pre-fix","location":"ImageProcessor.php:storeUploadedImage:entry","message":"Processing upload","timestamp":1782832593916,"hypothesisId":"H1","wasCropped":true,"size":400,"mime":"image\/jpeg","originalName":"ViseDean_cropped.jpg"}
{"sessionId":"6e401c","runId":"pre-fix","location":"ImageProcessor.php:storeUploadedImage:exit","message":"Image stored","timestamp":1782832593973,"hypothesisId":"H1","path":"uploads\/1782832593_6a43ddd1ecbc1.jpg","bytes":12779,"wasCropped":true}
{"sessionId":"6e401c","runId":"pre-fix","location":"ImageProcessor.php:storeUploadedImage:entry","message":"Processing upload","timestamp":1782834634944,"hypothesisId":"H1","wasCropped":true,"size":400,"mime":"image\/jpeg","originalName":"facebookLogo_cropped.jpg"}
{"sessionId":"6e401c","runId":"pre-fix","location":"ImageProcessor.php:storeUploadedImage:exit","message":"Image stored","timestamp":1782834634990,"hypothesisId":"H1","path":"uploads\/1782834634_6a43e5caf0a3e.jpg","bytes":8054,"wasCropped":true}
{"sessionId":"6e401c","runId":"pre-fix","location":"ImageProcessor.php:storeUploadedImage:entry","message":"Processing upload","timestamp":1782854141075,"hypothesisId":"H1","wasCropped":true,"size":400,"mime":"image\/jpeg","originalName":"download_cropped.jpg"}
{"sessionId":"6e401c","runId":"pre-fix","location":"ImageProcessor.php:storeUploadedImage:exit","message":"Image stored","timestamp":1782854148175,"hypothesisId":"H1","path":"uploads\/1782854148_6a44320429301.jpg","bytes":9047,"wasCropped":true}
